================================================================
== Design Size Report
================================================================

* Total Instructions per Compilation Phase
+---------------+-----------------------------+--------------+----------------------------------------------------------------------------------------+
| Phase         | Step                        | Instructions | Description                                                                            |
+---------------+-----------------------------+--------------+----------------------------------------------------------------------------------------+
| Compile/Link  |                             | 13,330       | After all functions are compiled and linked into a single design                       |
|               |                             |              |                                                                                        |
| Unroll/Inline |                             |              | After user unroll and inline pragmas are applied                                       |
|               | (1) unroll                  |  9,626       | user unroll pragmas are applied                                                        |
|               | (2) simplification          |  7,993       | simplification of applied user unroll pragmas                                          |
|               | (3) inline                  |  4,726       | user inline pragmas are applied                                                        |
|               | (4) simplification          |  4,726       | simplification of applied user inline pragmas                                          |
|               |                             |              |                                                                                        |
| Array/Struct  |                             |              | After user array partition and struct aggregate/disaggregate pragmas are applied       |
|               | (1) array partition         |  4,795       | user array partition pragmas are applied                                               |
|               | (2) simplification          |  4,795       | simplification of applied user array partition & struct aggregate/disaggregate pragmas |
|               | (3) aggregate/disaggregate  |  4,795       | user struct aggregate/disaggregate pragmas are applied                                 |
|               | (4) array reshape           |  4,795       | apply array reshape pragmas                                                            |
|               | (5) access patterns         |  4,796       | array access pattern optmizations                                                      |
|               |                             |              |                                                                                        |
| Performance   |                             |              | After transformations are applied to meet performance pragma targets                   |
|               | (1) loop simplification     |  4,786       | loop and instruction simplification                                                    |
|               | (2) parallelization         |  4,786       | loops are unrolled or pipelined to meet performance targets                            |
|               | (3) array partition         |  4,786       | arrays are partitioned to meet performance targets                                     |
|               | (4) simplification          |  4,786       | simplification of design after performance transformations                             |
|               |                             |              |                                                                                        |
| HW Transforms |                             |              | After hardware transfomations                                                          |
|               | (1) lowering                |  4,792       | initial conversion to HW specific instructions                                         |
|               | (2) optimizations           |  4,794       | high level synthesis optimizations                                                     |
+---------------+-----------------------------+--------------+----------------------------------------------------------------------------------------+

* Instructions per Function for each Compilation Phase
+------------------------+-------------------+-------------------+------------------+------------------+------------------+------------------+
| Function               | Location          | Compile/Link      | Unroll/Inline    | Array/Struct     | Performance      | HW Transforms    |
+------------------------+-------------------+-------------------+------------------+------------------+------------------+------------------+
| + axi_encrypt          | temp.c:54         | 13,330            | 4,726            | 4,796            | 4,786            | 4,794            |
|  + crypto_aead_encrypt | aead.c:8          | 13,308            | 4,708            | 4,772            | 4,762            | 4,773            |
|     LOADBYTES          | word.h:19         |   152 (8 calls)   |  210 (10 calls)  |  240 (10 calls)  |  230 (10 calls)  |  240 (10 calls)  |
|   + P12                | permutations.h:11 | 7,370 (2 calls)   |                  |                  |                  |                  |
|    + ROUND             | round.h:12        | 7,344 (24 calls)  |                  |                  |                  |                  |
|       ROR              | round.h:8         | 1,920 (240 calls) |                  |                  |                  |                  |
|   + P6                 | permutations.h:37 | 5,529 (3 calls)   |                  |                  |                  |                  |
|    + ROUND             | round.h:12        | 5,508 (18 calls)  |                  |                  |                  |                  |
|       ROR              | round.h:8         | 1,440 (180 calls) |                  |                  |                  |                  |
|     STOREBYTES         | word.h:27         |    68 (4 calls)   |                  |                  |                  |                  |
|     ROUND              | round.h:12        |                   | 4,320 (54 calls) | 4,320 (54 calls) | 4,320 (54 calls) | 4,320 (54 calls) |
+------------------------+-------------------+-------------------+------------------+------------------+------------------+------------------+

* Design Size Message Settings
+---------------------------------------------+--------+------------------------------------------------------------------+
| Message Setting                             | Value  | Description                                                      |
+---------------------------------------------+--------+------------------------------------------------------------------+
| config_compile -design_size_maximum_warning | 100000 | Show a warning when total design instructions exceeds this value |
+---------------------------------------------+--------+------------------------------------------------------------------+


